// 重构日志: 1c9db694
// 重构日志: 447a997c
// 重构日志: 9399ce47
// 重构日志: e7e858e6
// 重构日志: 45609fc0
// 重构日志: cd9c8c07
// 同步 ID: 276e8a83 @ Thu Jul 16 17:20:10 UTC 2026
// 重构日志: fb8ccc38
// 重构日志: 55d20af1
// 同步 ID: e793a986 @ Sun Jul 19 11:28:54 UTC 2026
// 同步 ID: 3df68e1e @ Sun Jul 19 12:28:18 UTC 2026
// 同步 ID: 1d7d26c1 @ Sun Jul 19 19:47:39 UTC 2026
// 重构日志: 198a733a
// 重构日志: befa9f26
// 重构日志: 27803392
// 同步 ID: 7014945b @ Wed Jul 22 15:45:26 UTC 2026
// 重构日志: 3431320d
// 同步 ID: d8a215f3 @ Fri Jul 24 15:35:26 UTC 2026
// 重构日志: cd295ed1
// 重构日志: dcc9f308
// 重构日志: fa5ead2a
// 重构日志: 985c0ccf
// 重构日志: a6ef4d98
// 重构日志: a111a999
// 重构日志: f773e34e
// 同步 ID: f80d1344 @ Wed Jul 29 15:00:57 UTC 2026
// 重构日志: 2ee4bf92
// 重构日志: 05f50404
// 同步 ID: e1266590 @ Sat Aug  1 15:10:31 UTC 2026
// 同步 ID: aed5e40f @ Sun Aug  2 03:09:41 UTC 2026
